// Vitest Snapshot v1, https://vitest.dev/guide/snapshot.html

exports[`ids > makeEventId > should match snapshot 1`] = `"123-456-1"`;

exports[`ids > makeEventId > should match snapshot 2`] = `"123-456"`;

exports[`ids > makeResolverId > should match snapshot 1`] = `"0x0000000000000000000000000000000000000000-0xee6c4522aab0003e8d14cd40a6af439055fd2577951148c14b6cea9a53475835"`;
